// Jest Snapshot v1, https://goo.gl/fbAQLP

exports[`WorkField renders properly 1`] = `
<div
  aria-roledescription="Draggable item. Press space bar to lift"
  className="field"
  data-react-beautiful-dnd-drag-handle="0"
  data-react-beautiful-dnd-draggable="0"
  draggable={false}
  onBlur={[Function]}
  onDragStart={[Function]}
  onFocus={[Function]}
  onKeyDown={[Function]}
  onMouseDown={[Function]}
  onTouchStart={[Function]}
  style={
    Object {
      "transform": null,
      "transition": null,
    }
  }
  tabIndex={0}
>
  <div
    className="ant-card ant-card-bordered"
  >
    <div
      className="ant-card-head"
    >
      <div
        className="ant-card-head-wrapper"
      >
        <div
          className="ant-card-head-title"
        >
          Section title
        </div>
        <div
          className="ant-card-extra"
        >
          <div
            className="card-actions"
          >
            <button
              className="ant-btn ant-btn-danger ant-btn-circle ant-btn-icon-only"
              onClick={[Function]}
              type="button"
            >
              <i
                className="anticon anticon-close"
              />
            </button>
            <button
              className="ant-btn ant-btn-circle ant-btn-icon-only"
              onClick={[Function]}
              type="button"
            >
              <i
                className="anticon anticon-down"
              />
            </button>
          </div>
        </div>
      </div>
    </div>
    <div
      className="ant-card-body"
      style={Object {}}
    >
      <div
        className="ant-row ant-form-item"
        style={undefined}
      >
        <div
          className="ant-form-item-label"
        >
          <label
            className=""
            htmlFor={null}
            onClick={[Function]}
            title="Title"
          >
            Title
          </label>
        </div>
        <div
          className="ant-form-item-control-wrapper"
        >
          <div
            className="ant-form-item-control"
          >
            <span
              className="ant-form-item-children"
            >
              <input
                className="ant-input"
                disabled={false}
                onChange={[Function]}
                onKeyDown={[Function]}
                placeholder="Education"
                type="text"
                value=""
              />
            </span>
          </div>
        </div>
      </div>
    </div>
  </div>
</div>
`;
